// Jest Snapshot v1, https://jestjs.io/docs/snapshot-testing

exports[`PollingSubscription fresh data cleanup() should not run even if interval not cancelled 1`] = `
[
  "Poll intervalId for test.com2 still running, but intervalId deleted",
]
`;

exports[`PollingSubscription fresh data should call after period 1`] = `
[
  {
    "args": [],
    "endpoint": [Function],
    "key": "test.com",
    "meta": {
      "promise": Promise {},
      "reject": [Function],
      "resolve": [Function],
    },
    "type": "rdc/fetch",
  },
]
`;

exports[`PollingSubscription fresh data should call after period 2`] = `
[
  {
    "args": [],
    "endpoint": [Function],
    "key": "test.com",
    "meta": {
      "promise": Promise {},
      "reject": [Function],
      "resolve": [Function],
    },
    "type": "rdc/fetch",
  },
]
`;
