// Jest Snapshot v1, https://jestjs.io/docs/snapshot-testing

exports[`endpoint types CacheProvider should enforce defined types should console.error on invalid payload 1`] = `[]`;

exports[`endpoint types ExternalDataProvider should enforce defined types should console.error on invalid payload 1`] = `[]`;
