// Jest Snapshot v1, https://jestjs.io/docs/snapshot-testing

exports[`CacheProvider Optimistic Updates race conditions should error when user error happens 1`] = `
[Error: Error processing toggle [5]

Full Schema: {
  "key": "Toggle",
  "schema": {}
}

Error:
this should fail]
`;

exports[`ExternalDataProvider Optimistic Updates race conditions should error when user error happens 1`] = `
[Error: Error processing toggle [5]

Full Schema: {
  "key": "Toggle",
  "schema": {}
}

Error:
this should fail]
`;
