// Jest Snapshot v1, https://jestjs.io/docs/snapshot-testing

exports[`CacheProvider with subscriptions should console.error() with no frequency specified 1`] = `
[
  [Error: frequency needed for polling subscription],
]
`;

exports[`ExternalDataProvider with subscriptions should console.error() with no frequency specified 1`] = `
[
  [Error: frequency needed for polling subscription],
]
`;
