// Jest Snapshot v1, https://jestjs.io/docs/snapshot-testing

exports[`useCache() should select paginated results 1`] = `
[
  PaginatedArticle {
    "author": null,
    "content": "the best things in life com efree",
    "id": 23,
    "tags": [
      "one",
      "two",
    ],
    "title": "the first draft",
  },
  PaginatedArticle {
    "author": null,
    "content": "the best things in life com efree",
    "id": 44,
    "tags": [
      "hbh",
      "wew",
    ],
    "title": "the second book",
  },
  PaginatedArticle {
    "author": null,
    "content": "the best things in life com efree",
    "id": 2,
    "tags": [
      "free",
      "honey",
    ],
    "title": "the third novel",
  },
  PaginatedArticle {
    "author": null,
    "content": "the best things in life com efree",
    "id": 643,
    "tags": [],
    "title": "a long time ago",
  },
]
`;
