// Jest Snapshot v1, https://jestjs.io/docs/snapshot-testing

exports[`getDefaultManagers() networkManager should not be removable 1`] = `
[
  [
    "Disabling NetworkManager is not allowed.",
  ],
]
`;
