// Jest Snapshot v1, https://goo.gl/fbAQLP

exports[`<DataProvider /> should change state 1`] = `
{
  "endpoints": {
    "GET http://test.com/article-cooler/5": "5",
  },
  "entities": {
    "CoolerArticle": {
      "5": {
        "content": "more things here",
        "id": 5,
        "title": "hi",
      },
    },
  },
  "entitiesMeta": {
    "CoolerArticle": {
      "5": {
        "date": 50,
        "expiresAt": 60050,
        "fetchedAt": 50,
      },
    },
  },
  "indexes": {},
  "lastReset": 0,
  "meta": {
    "GET http://test.com/article-cooler/5": {
      "date": 50,
      "expiresAt": 60050,
      "fetchedAt": 50,
      "prevExpiresAt": undefined,
    },
  },
  "optimistic": [],
}
`;

exports[`<DataProvider /> should warn users about missing Suspense 1`] = `
[
  [
    "Uncaught suspense.
Make sure to add your own Suspense boundaries: https://dataclient.io/docs/getting-started/data-dependency#boundaries",
  ],
]
`;
