// Jest Snapshot v1, https://jestjs.io/docs/snapshot-testing

exports[`resource() UserResource.delete should work with  1`] = `"not found"`;

exports[`resource() UserResource.delete should work with {"id": 5} 1`] = `"not found"`;

exports[`resource() should not allow paths without at least one argument 1`] = `"Resource path requires at least one :parameter"`;

exports[`resource() warnings should warn when mis-capitalizing options 1`] = `
[
  [
    "You passed 'endpoint' option; did you mean to use Endpoint?
https://dataclient.io/rest/api/resource#endpoint
This parameter must be capitalized.

This warning will not show in production.",
  ],
]
`;

exports[`resource() warnings should warn when mis-capitalizing options 2`] = `
[
  [
    "You passed 'collection' option; did you mean to use Collection?
https://dataclient.io/rest/api/resource#collection
This parameter must be capitalized.

This warning will not show in production.",
  ],
]
`;
