// Jest Snapshot v1, https://goo.gl/fbAQLP

exports[`Controller.getResponse() denormalizes schema with extra members but not set 1`] = `
{
  "data": [
    Tacos {
      "id": "1",
      "type": "foo",
    },
    Tacos {
      "id": "2",
      "type": "bar",
    },
  ],
}
`;

exports[`Controller.getResponse() infers schema with extra members but not set 1`] = `
{
  "data": Tacos {
    "id": "1",
    "type": "foo",
  },
  "extra": "",
  "page": {
    "complex": {
      "complex": true,
      "next": false,
    },
    "first": null,
    "second": "",
    "third": 0,
  },
}
`;

exports[`Snapshot.getResponseMeta() denormalizes schema with extra members but not set 1`] = `
{
  "data": [
    Tacos {
      "id": "1",
      "type": "foo",
    },
    Tacos {
      "id": "2",
      "type": "bar",
    },
  ],
}
`;
