// Jest Snapshot v1, https://jestjs.io/docs/snapshot-testing

exports[`input (direct) Query denormalization (All schema) denormalize sorts 1`] = `
[
  User {
    "id": "3",
    "isAdmin": false,
    "name": "Zeta",
  },
  User {
    "id": "1",
    "isAdmin": false,
    "name": "Milo",
  },
  User {
    "id": "2",
    "isAdmin": false,
    "name": "Jake",
  },
  User {
    "id": "4",
    "isAdmin": false,
    "name": "Alpha",
  },
]
`;

exports[`input (direct) Query denormalization (All schema) denormalize sorts with arg 1`] = `
[
  User {
    "id": "4",
    "isAdmin": false,
    "name": "Alpha",
  },
  User {
    "id": "2",
    "isAdmin": false,
    "name": "Jake",
  },
  User {
    "id": "1",
    "isAdmin": false,
    "name": "Milo",
  },
  User {
    "id": "3",
    "isAdmin": false,
    "name": "Zeta",
  },
]
`;

exports[`input (direct) Query denormalization (Collection schema) denormalize sorts 1`] = `
[
  User {
    "id": "3",
    "isAdmin": false,
    "name": "Zeta",
  },
  User {
    "id": "1",
    "isAdmin": false,
    "name": "Milo",
  },
  User {
    "id": "2",
    "isAdmin": false,
    "name": "Jake",
  },
  User {
    "id": "4",
    "isAdmin": false,
    "name": "Alpha",
  },
]
`;

exports[`input (direct) Query denormalization (Collection schema) denormalize sorts with arg 1`] = `
[
  User {
    "id": "4",
    "isAdmin": false,
    "name": "Alpha",
  },
  User {
    "id": "2",
    "isAdmin": false,
    "name": "Jake",
  },
  User {
    "id": "1",
    "isAdmin": false,
    "name": "Milo",
  },
  User {
    "id": "3",
    "isAdmin": false,
    "name": "Zeta",
  },
]
`;

exports[`input (immutable) Query denormalization (All schema) denormalize sorts 1`] = `
[
  User {
    "id": "3",
    "isAdmin": false,
    "name": "Zeta",
  },
  User {
    "id": "1",
    "isAdmin": false,
    "name": "Milo",
  },
  User {
    "id": "2",
    "isAdmin": false,
    "name": "Jake",
  },
  User {
    "id": "4",
    "isAdmin": false,
    "name": "Alpha",
  },
]
`;

exports[`input (immutable) Query denormalization (All schema) denormalize sorts with arg 1`] = `
[
  User {
    "id": "4",
    "isAdmin": false,
    "name": "Alpha",
  },
  User {
    "id": "2",
    "isAdmin": false,
    "name": "Jake",
  },
  User {
    "id": "1",
    "isAdmin": false,
    "name": "Milo",
  },
  User {
    "id": "3",
    "isAdmin": false,
    "name": "Zeta",
  },
]
`;

exports[`top level schema denormalize sorts 1`] = `
[
  User {
    "id": "3",
    "isAdmin": false,
    "name": "Zeta",
  },
  User {
    "id": "1",
    "isAdmin": false,
    "name": "Milo",
  },
  User {
    "id": "2",
    "isAdmin": false,
    "name": "Jake",
  },
  User {
    "id": "4",
    "isAdmin": false,
    "name": "Alpha",
  },
]
`;
