// Jest Snapshot v1, https://jestjs.io/docs/snapshot-testing

exports[`Serializable denormalization denormalizes as plain 1`] = `
{
  "anotherItem": {
    "defaulted": 0,
    "thing": 500,
  },
  "time": "2020-06-07T02:00:15Z",
  "user": User {
    "createdAt": "2020-06-07T02:00:15Z",
    "id": "1",
    "name": "Nacho",
  },
}
`;

exports[`Serializable denormalization denormalizes date and custom 1`] = `
{
  "anotherItem": {
    "defaulted": 0,
    "thing": 500,
  },
  "time": "2020-06-07T02:00:15Z",
  "user": User {
    "createdAt": "2020-06-07T02:00:15Z",
    "id": "1",
    "name": "Nacho",
  },
}
`;

exports[`Serializable normalization normalizes date and custom as passthrough 1`] = `
{
  "entities": {
    "User": {
      "1": {
        "createdAt": "2020-06-07T02:00:15+0000",
        "id": "1",
        "name": "Nacho",
      },
    },
  },
  "entitiesMeta": {
    "User": {
      "1": {
        "date": 1557831718135,
        "expiresAt": Infinity,
        "fetchedAt": 0,
      },
    },
  },
  "indexes": {},
  "result": {
    "anotherItem": {
      "thing": 500,
    },
    "time": "2020-06-07T02:00:15+0000",
    "user": "1",
  },
}
`;

exports[`Serializable normalization normalizes date and custom as passthrough 2`] = `"{"result":{"user":"1","anotherItem":{"thing":500},"time":"2020-06-07T02:00:15+0000"},"entities":{"User":{"1":{"id":"1","name":"Nacho","createdAt":"2020-06-07T02:00:15+0000"}}},"indexes":{},"entitiesMeta":{"User":{"1":{"fetchedAt":0,"date":1557831718135,"expiresAt":null}}}}"`;
