// Jest Snapshot v1, https://jestjs.io/docs/snapshot-testing

exports[`Endpoint (CSP false) Function should console.error with autoname failures 1`] = `
[
  [
    "Endpoint: Autonaming failure.

Endpoint initialized with anonymous function.
Please add \`name\` option or hoist the function definition. https://dataclient.io/rest/api/Endpoint#name",
  ],
]
`;

exports[`Endpoint (CSP true) Function should console.error with autoname failures 1`] = `
[
  [
    "Endpoint: Autonaming failure.

Endpoint initialized with anonymous function.
Please add \`name\` option or hoist the function definition. https://dataclient.io/rest/api/Endpoint#name",
  ],
]
`;
